// Jest Snapshot v1, https://goo.gl/fbAQLP

exports[`ListItem should match the snapshot 1`] = `
<DocumentFragment>
  <table>
    <tbody>
      <tr>
        <td
          data-testid="id"
        >
          1
        </td>
        <td
          data-testid="firstname"
        >
          John
        </td>
        <td
          data-testid="lastname"
        >
          Doe
        </td>
        <td>
          <button
            data-testid="delete-btn"
          >
            l√∂schen
          </button>
        </td>
      </tr>
    </tbody>
  </table>
</DocumentFragment>
`;
